// Jest Snapshot v1, https://goo.gl/fbAQLP

exports[`will match snapshot. 1`] = `null`;
