// Jest Snapshot v1, https://goo.gl/fbAQLP

exports[`The footer component... matches the snapshot. 1`] = `
<ion-footer>
  <ion-toolbar
    color="tertiary"
  >
    <div>
      <p>
        Â© 2020 Bored Gamerz, BravoBunch
      </p>
    </div>
  </ion-toolbar>
</ion-footer>
`;
